
!*************** javax.servlet
plugin@javax.servlet,2.3.0=v200806031603,:pserver:anonymous@dev.eclipse.org:/cvsroot/tools,,org.eclipse.orbit/javax.servlet
plugin@javax.servlet.source,2.3.0=v200806031603,:pserver:anonymous@dev.eclipse.org:/cvsroot/tools,,org.eclipse.orbit/javax.servlet/source-bundle
plugin@javax.servlet,2.4.0=v200806031604,:pserver:anonymous@dev.eclipse.org:/cvsroot/tools,,org.eclipse.orbit/javax.servlet
plugin@javax.servlet.source,2.4.0=v200806031604,:pserver:anonymous@dev.eclipse.org:/cvsroot/tools,,org.eclipse.orbit/javax.servlet/source-bundle
plugin@javax.servlet,2.5.0=v200806031605,:pserver:anonymous@dev.eclipse.org:/cvsroot/tools,,org.eclipse.orbit/javax.servlet
plugin@javax.servlet.source,2.5.0=v200806031605,:pserver:anonymous@dev.eclipse.org:/cvsroot/tools,,org.eclipse.orbit/javax.servlet/source-bundle


plugin@javax.servlet.jsp,1.2.0=v200806031606,:pserver:anonymous@dev.eclipse.org:/cvsroot/tools,,org.eclipse.orbit/javax.servlet.jsp
plugin@javax.servlet.jsp.source,1.2.0=v200806031606,:pserver:anonymous@dev.eclipse.org:/cvsroot/tools,,org.eclipse.orbit/javax.servlet.jsp/source-bundle
plugin@javax.servlet.jsp,2.0.0=v200806031607,:pserver:anonymous@dev.eclipse.org:/cvsroot/tools,,org.eclipse.orbit/javax.servlet.jsp
plugin@javax.servlet.jsp.source,2.0.0=v200806031607,:pserver:anonymous@dev.eclipse.org:/cvsroot/tools,,org.eclipse.orbit/javax.servlet.jsp/source-bundle

plugin@net.sourceforge.lpg.lpgjavaruntime,1.0.0=v200803061811,:pserver:anonymous@dev.eclipse.org:/cvsroot/tools,,org.eclipse.orbit/net.sourceforge.lpg.lpgjavaruntime
plugin@net.sourceforge.lpg.lpgjavaruntime.source,1.0.0=v200803061811,:pserver:anonymous@dev.eclipse.org:/cvsroot/tools,,org.eclipse.orbit/net.sourceforge.lpg.lpgjavaruntime/source-bundle
plugin@net.sourceforge.lpg.lpgjavaruntime,1.1.0=v200803061910,:pserver:anonymous@dev.eclipse.org:/cvsroot/tools,,org.eclipse.orbit/net.sourceforge.lpg.lpgjavaruntime
plugin@net.sourceforge.lpg.lpgjavaruntime.source,1.1.0=v200803061910,:pserver:anonymous@dev.eclipse.org:/cvsroot/tools,,org.eclipse.orbit/net.sourceforge.lpg.lpgjavaruntime/source-bundle

plugin@org.apache.ant,1.6.5=v20080627-1140,:pserver:anonymous@dev.eclipse.org:/cvsroot/tools,,org.eclipse.orbit/org.apache.ant
plugin@org.apache.ant.source,1.6.5=v20080627-1140,:pserver:anonymous@dev.eclipse.org:/cvsroot/tools,,org.eclipse.orbit/org.apache.ant/source-bundle
plugin@org.apache.ant,1.7.0=v20080627-1145,:pserver:anonymous@dev.eclipse.org:/cvsroot/tools,,org.eclipse.orbit/org.apache.ant
plugin@org.apache.ant.source,1.7.0=v20080627-1145,:pserver:anonymous@dev.eclipse.org:/cvsroot/tools,,org.eclipse.orbit/org.apache.ant/source-bundle
plugin@org.apache.ant,1.7.1=v20090120-1145,:pserver:anonymous@dev.eclipse.org:/cvsroot/tools,,org.eclipse.orbit/org.apache.ant
plugin@org.apache.ant.source,1.7.1=v20090120-1145,:pserver:anonymous@dev.eclipse.org:/cvsroot/tools,,org.eclipse.orbit/org.apache.ant/source-bundle

!*************** org.apache.commons.*

plugin@org.apache.commons.codec,1.2.0=v20080530-1550,:pserver:anonymous@dev.eclipse.org:/cvsroot/tools,,org.eclipse.orbit/org.apache.commons.codec
plugin@org.apache.commons.codec.source,1.2.0=v20080530-1550,:pserver:anonymous@dev.eclipse.org:/cvsroot/tools,,org.eclipse.orbit/org.apache.commons.codec/source-bundle
plugin@org.apache.commons.codec,1.3.0=v20080530-1600,:pserver:anonymous@dev.eclipse.org:/cvsroot/tools,,org.eclipse.orbit/org.apache.commons.codec
plugin@org.apache.commons.codec.source,1.3.0=v20080530-1600,:pserver:anonymous@dev.eclipse.org:/cvsroot/tools,,org.eclipse.orbit/org.apache.commons.codec/source-bundle

plugin@org.apache.commons.el=v200806031608,:pserver:anonymous@dev.eclipse.org:/cvsroot/tools,,org.eclipse.orbit/org.apache.commons.el
plugin@org.apache.commons.el.source,1.0.0=v200806031608,:pserver:anonymous@dev.eclipse.org:/cvsroot/tools,,org.eclipse.orbit/org.apache.commons.el/source-bundle

plugin@org.apache.commons.logging,1.0.4=v200904062259,:pserver:anonymous@dev.eclipse.org:/cvsroot/tools,,org.eclipse.orbit/org.apache.commons.logging
plugin@org.apache.commons.logging.source,1.0.4=v200904062259,:pserver:anonymous@dev.eclipse.org:/cvsroot/tools,,org.eclipse.orbit/org.apache.commons.logging/source-bundle
plugin@org.apache.commons.logging,1.1.1=v200904062255,:pserver:anonymous@dev.eclipse.org:/cvsroot/tools,,org.eclipse.orbit/org.apache.commons.logging
plugin@org.apache.commons.logging.source,1.1.1=v200904062255,:pserver:anonymous@dev.eclipse.org:/cvsroot/tools,,org.eclipse.orbit/org.apache.commons.logging/source-bundle

plugin@org.apache.commons.net,1.4.1=v200905122237,:pserver:anonymous@dev.eclipse.org:/cvsroot/tools,,org.eclipse.orbit/org.apache.commons.net
plugin@org.apache.commons.net.source,1.4.1=v200905122237,:pserver:anonymous@dev.eclipse.org:/cvsroot/tools,,org.eclipse.orbit/org.apache.commons.net/source-bundle
plugin@org.apache.commons.net,2.0.0=v200905272248,:pserver:anonymous@dev.eclipse.org:/cvsroot/tools,,org.eclipse.orbit/org.apache.commons.net
plugin@org.apache.commons.net.source,2.0.0=v200905272248,:pserver:anonymous@dev.eclipse.org:/cvsroot/tools,,org.eclipse.orbit/org.apache.commons.net/source-bundle

plugin@org.apache.commons.httpclient,3.0.1=v20080605-1930,:pserver:anonymous@dev.eclipse.org:/cvsroot/tools,,org.eclipse.orbit/org.apache.commons.httpclient
plugin@org.apache.commons.httpclient.source,3.0.1=v20080605-1930,:pserver:anonymous@dev.eclipse.org:/cvsroot/tools,,org.eclipse.orbit/org.apache.commons.httpclient/source-bundle
plugin@org.apache.commons.httpclient,3.1.0=v20080605-1935,:pserver:anonymous@dev.eclipse.org:/cvsroot/tools,,org.eclipse.orbit/org.apache.commons.httpclient
plugin@org.apache.commons.httpclient.source,3.1.0=v20080605-1935,:pserver:anonymous@dev.eclipse.org:/cvsroot/tools,,org.eclipse.orbit/org.apache.commons.httpclient/source-bundle

plugin@org.apache.commons.cli,1.0.0=v20080604-1500,:pserver:anonymous@dev.eclipse.org:/cvsroot/tools,,org.eclipse.orbit/org.apache.commons.cli
plugin@org.apache.commons.cli.source,1.0.0=v20080604-1500,:pserver:anonymous@dev.eclipse.org:/cvsroot/tools,,org.eclipse.orbit/org.apache.commons.cli/source-bundle

plugin@org.apache.commons.lang,2.1.0=v200803061811,:pserver:anonymous@dev.eclipse.org:/cvsroot/tools,,org.eclipse.orbit/org.apache.commons.lang
plugin@org.apache.commons.lang.source,2.1.0=v200803061811,:pserver:anonymous@dev.eclipse.org:/cvsroot/tools,,org.eclipse.orbit/org.apache.commons.lang/source-bundle
plugin@org.apache.commons.lang,2.3.0=v200803061910,:pserver:anonymous@dev.eclipse.org:/cvsroot/tools,,org.eclipse.orbit/org.apache.commons.lang
plugin@org.apache.commons.lang.source,2.3.0=v200803061910,:pserver:anonymous@dev.eclipse.org:/cvsroot/tools,,org.eclipse.orbit/org.apache.commons.lang/source-bundle
plugin@org.apache.commons.lang,2.4.0=v20081016-1030,:pserver:anonymous@dev.eclipse.org:/cvsroot/tools,,org.eclipse.orbit/org.apache.commons.lang
plugin@org.apache.commons.lang.source,2.4.0=v20081016-1030,:pserver:anonymous@dev.eclipse.org:/cvsroot/tools,,org.eclipse.orbit/org.apache.commons.lang/source-bundle

plugin@org.apache.commons.io,1.3.2=v20080604-1500,:pserver:anonymous@dev.eclipse.org:/cvsroot/tools,,org.eclipse.orbit/org.apache.commons.io
plugin@org.apache.commons.io.source,1.3.2=v20080604-1500,:pserver:anonymous@dev.eclipse.org:/cvsroot/tools,,org.eclipse.orbit/org.apache.commons.io/source-bundle
plugin@org.apache.commons.io,1.4.0=v20081110-1000,:pserver:anonymous@dev.eclipse.org:/cvsroot/tools,,org.eclipse.orbit/org.apache.commons.io
plugin@org.apache.commons.io.source,1.4.0=v20081110-1000,:pserver:anonymous@dev.eclipse.org:/cvsroot/tools,,org.eclipse.orbit/org.apache.commons.io/source-bundle


plugin@org.apache.commons.fileupload,1.2.0=v20080604-1500,:pserver:anonymous@dev.eclipse.org:/cvsroot/tools,,org.eclipse.orbit/org.apache.commons.fileupload
plugin@org.apache.commons.fileupload.source,1.2.0=v20080604-1500,:pserver:anonymous@dev.eclipse.org:/cvsroot/tools,,org.eclipse.orbit/org.apache.commons.fileupload/source-bundle

plugin@org.apache.commons.pool,1.3.0=v20081016-1005,:pserver:anonymous@dev.eclipse.org:/cvsroot/tools,,org.eclipse.orbit/org.apache.commons.pool
plugin@org.apache.commons.pool.source,1.3.0=v20081016-1005,:pserver:anonymous@dev.eclipse.org:/cvsroot/tools,,org.eclipse.orbit/org.apache.commons.pool/source-bundle
plugin@org.apache.commons.pool,1.4.0=v20081016-1000,:pserver:anonymous@dev.eclipse.org:/cvsroot/tools,,org.eclipse.orbit/org.apache.commons.pool
plugin@org.apache.commons.pool.source,1.4.0=v20081016-1000,:pserver:anonymous@dev.eclipse.org:/cvsroot/tools,,org.eclipse.orbit/org.apache.commons.pool/source-bundle

plugin@org.apache.commons.collections,3.2.0=v200803061811,:pserver:anonymous@dev.eclipse.org:/cvsroot/tools,,org.eclipse.orbit/org.apache.commons.collections
plugin@org.apache.commons.collections.source,3.2.0=v200803061811,:pserver:anonymous@dev.eclipse.org:/cvsroot/tools,,org.eclipse.orbit/org.apache.commons.collections/source-bundle

plugin@org.apache.commons.beanutils,1.7.0=v200902170505,:pserver:anonymous@dev.eclipse.org:/cvsroot/tools,,org.eclipse.orbit/org.apache.commons.beanutils
plugin@org.apache.commons.beanutils.source,1.7.0=v200803061811,:pserver:anonymous@dev.eclipse.org:/cvsroot/tools,,org.eclipse.orbit/org.apache.commons.beanutils/source-bundle

plugin@org.apache.commons.jxpath,1.2.0=v20080604-1500,:pserver:anonymous@dev.eclipse.org:/cvsroot/tools,,org.eclipse.orbit/org.apache.commons.jxpath
plugin@org.apache.commons.jxpath.source,1.2.0=v20080604-1500,:pserver:anonymous@dev.eclipse.org:/cvsroot/tools,,org.eclipse.orbit/org.apache.commons.jxpath/source-bundle

plugin@org.apache.bsf,2.4.0=v200903072044,:pserver:anonymous@dev.eclipse.org:/cvsroot/tools,,org.eclipse.orbit/org.apache.bsf
plugin@org.apache.bsf.source,2.4.0=v200804101336,:pserver:anonymous@dev.eclipse.org:/cvsroot/tools,,org.eclipse.orbit/org.apache.bsf/source-bundle

!****************

!*************** org.apache.httpcomponents.*

plugin@org.apache.httpcomponents.httpcore,4.0.0=v200905121600,:pserver:anonymous@dev.eclipse.org:/cvsroot/tools,,org.eclipse.orbit/org.apache.httpcomponents.httpcore
plugin@org.apache.httpcomponents.httpcore.source,4.0.0=v200905121600,:pserver:anonymous@dev.eclipse.org:/cvsroot/tools,,org.eclipse.orbit/org.apache.httpcomponents.httpcore/source-bundle

plugin@org.apache.httpcomponents.httpcore.nio,4.0.0=v200905121600,:pserver:anonymous@dev.eclipse.org:/cvsroot/tools,,org.eclipse.orbit/org.apache.httpcomponents.httpcore.nio
plugin@org.apache.httpcomponents.httpcore.nio.source,4.0.0=v200905121600,:pserver:anonymous@dev.eclipse.org:/cvsroot/tools,,org.eclipse.orbit/org.apache.httpcomponents.httpcore.nio/source-bundle

!****************

plugin@org.apache.jasper=v200903231320,:pserver:anonymous@dev.eclipse.org:/cvsroot/tools,,org.eclipse.orbit/org.apache.jasper
plugin@org.apache.jasper.source,5.5.17=v200903231320,:pserver:anonymous@dev.eclipse.org:/cvsroot/tools,,org.eclipse.orbit/org.apache.jasper/source-bundle

plugin@org.apache.derby=v200803061811,:pserver:anonymous@dev.eclipse.org:/cvsroot/tools,,org.eclipse.orbit/org.apache.derby
plugin@org.apache.derby.source=v200803061811,:pserver:anonymous@dev.eclipse.org:/cvsroot/tools,,org.eclipse.orbit/org.apache.derby/source-bundle

plugin@org.apache.lucene,1.4.3=v20080530-1550,:pserver:anonymous@dev.eclipse.org:/cvsroot/tools,,org.eclipse.orbit/org.apache.lucene
plugin@org.apache.lucene.source,1.4.3=v20080530-1550,:pserver:anonymous@dev.eclipse.org:/cvsroot/tools,,org.eclipse.orbit/org.apache.lucene/source-bundle

plugin@org.apache.lucene,1.9.1=v20080530-1600,:pserver:anonymous@dev.eclipse.org:/cvsroot/tools,,org.eclipse.orbit/org.apache.lucene
plugin@org.apache.lucene.source,1.9.1=v20080530-1600,:pserver:anonymous@dev.eclipse.org:/cvsroot/tools,,org.eclipse.orbit/org.apache.lucene/source-bundle
plugin@org.apache.lucene.analysis,1.9.1=v20080530-1600,:pserver:anonymous@dev.eclipse.org:/cvsroot/tools,,org.eclipse.orbit/org.apache.lucene.analysis
plugin@org.apache.lucene.analysis.source,1.9.1=v20080530-1600,:pserver:anonymous@dev.eclipse.org:/cvsroot/tools,,org.eclipse.orbit/org.apache.lucene.analysis/source-bundle

plugin@org.apache.lucene,2.4.0=v20090121-2110,:pserver:anonymous@dev.eclipse.org:/cvsroot/tools,,org.eclipse.orbit/org.apache.lucene
plugin@org.apache.lucene.source,2.4.0=v20090121-2110,:pserver:anonymous@dev.eclipse.org:/cvsroot/tools,,org.eclipse.orbit/org.apache.lucene/source-bundle
plugin@org.apache.lucene.analysis,2.4.0=v20090121-2110,:pserver:anonymous@dev.eclipse.org:/cvsroot/tools,,org.eclipse.orbit/org.apache.lucene.analysis
plugin@org.apache.lucene.analysis.source,2.4.0=v20090121-2110,:pserver:anonymous@dev.eclipse.org:/cvsroot/tools,,org.eclipse.orbit/org.apache.lucene.analysis/source-bundle
plugin@org.apache.lucene.core,2.4.0=v20090121-2110,:pserver:anonymous@dev.eclipse.org:/cvsroot/tools,,org.eclipse.orbit/org.apache.lucene.core
plugin@org.apache.lucene.core.source,2.4.0=v20090121-2110,:pserver:anonymous@dev.eclipse.org:/cvsroot/tools,,org.eclipse.orbit/org.apache.lucene.core/source-bundle
plugin@org.apache.lucene.highlighter,2.4.0=v20090121-2110,:pserver:anonymous@dev.eclipse.org:/cvsroot/tools,,org.eclipse.orbit/org.apache.lucene.highlighter
plugin@org.apache.lucene.highlighter.source,2.4.0=v20090121-2110,:pserver:anonymous@dev.eclipse.org:/cvsroot/tools,,org.eclipse.orbit/org.apache.lucene.highlighter/source-bundle
plugin@org.apache.lucene.memory,2.4.0=v20090121-2110,:pserver:anonymous@dev.eclipse.org:/cvsroot/tools,,org.eclipse.orbit/org.apache.lucene.memory
plugin@org.apache.lucene.memory.source,2.4.0=v20090121-2110,:pserver:anonymous@dev.eclipse.org:/cvsroot/tools,,org.eclipse.orbit/org.apache.lucene.memory/source-bundle
plugin@org.apache.lucene.queries,2.4.0=v20090121-2110,:pserver:anonymous@dev.eclipse.org:/cvsroot/tools,,org.eclipse.orbit/org.apache.lucene.queries
plugin@org.apache.lucene.queries.source,2.4.0=v20090121-2110,:pserver:anonymous@dev.eclipse.org:/cvsroot/tools,,org.eclipse.orbit/org.apache.lucene.queries/source-bundle
plugin@org.apache.lucene.snowball,2.4.0=v20090121-2110,:pserver:anonymous@dev.eclipse.org:/cvsroot/tools,,org.eclipse.orbit/org.apache.lucene.snowball
plugin@org.apache.lucene.snowball.source,2.4.0=v20090121-2110,:pserver:anonymous@dev.eclipse.org:/cvsroot/tools,,org.eclipse.orbit/org.apache.lucene.snowball/source-bundle
plugin@org.apache.lucene.spellchecker,2.4.0=v20090122-0940,:pserver:anonymous@dev.eclipse.org:/cvsroot/tools,,org.eclipse.orbit/org.apache.lucene.spellchecker
plugin@org.apache.lucene.spellchecker.source,2.4.0=v20090122-0940,:pserver:anonymous@dev.eclipse.org:/cvsroot/tools,,org.eclipse.orbit/org.apache.lucene.spellchecker/source-bundle

plugin@org.apache.solr.client.solrj,1.3.0=v20090306-0522,:pserver:anonymous@dev.eclipse.org:/cvsroot/tools,,org.eclipse.orbit/org.apache.solr.client.solrj
plugin@org.apache.solr.client.solrj.source,1.3.0=v200901230446,:pserver:anonymous@dev.eclipse.org:/cvsroot/tools,,org.eclipse.orbit/org.apache.solr.client.solrj/source-bundle
plugin@org.apache.solr.client.solrj.embedded,1.3.0=v200901230454,:pserver:anonymous@dev.eclipse.org:/cvsroot/tools,,org.eclipse.orbit/org.apache.solr.client.solrj.embedded
plugin@org.apache.solr.client.solrj.embedded.source,1.3.0=v200901230454,:pserver:anonymous@dev.eclipse.org:/cvsroot/tools,,org.eclipse.orbit/org.apache.solr.client.solrj.embedded/source-bundle
plugin@org.apache.solr.common,1.3.0=v20090121-2110,:pserver:anonymous@dev.eclipse.org:/cvsroot/tools,,org.eclipse.orbit/org.apache.solr.common
plugin@org.apache.solr.common.source,1.3.0=v20090121-2110,:pserver:anonymous@dev.eclipse.org:/cvsroot/tools,,org.eclipse.orbit/org.apache.solr.common/source-bundle
plugin@org.apache.solr.core,1.3.0=v20090121-2110,:pserver:anonymous@dev.eclipse.org:/cvsroot/tools,,org.eclipse.orbit/org.apache.solr.core
plugin@org.apache.solr.core.source,1.3.0=v20090121-2110,:pserver:anonymous@dev.eclipse.org:/cvsroot/tools,,org.eclipse.orbit/org.apache.solr.core/source-bundle
plugin@org.apache.solr.servlet,1.3.0=v20090121-2110,:pserver:anonymous@dev.eclipse.org:/cvsroot/tools,,org.eclipse.orbit/org.apache.solr.servlet
plugin@org.apache.solr.servlet.source,1.3.0=v20090121-2110,:pserver:anonymous@dev.eclipse.org:/cvsroot/tools,,org.eclipse.orbit/org.apache.solr.servlet/source-bundle

plugin@org.apache.oro,2.0.8=v200903061218,:pserver:anonymous@dev.eclipse.org:/cvsroot/tools,,org.eclipse.orbit/org.apache.oro
plugin@org.apache.oro.source,2.0.8=v200903061218,:pserver:anonymous@dev.eclipse.org:/cvsroot/tools,,org.eclipse.orbit/org.apache.oro/source-bundle

plugin@org.apache.xmlrpc=v20080530-1550,:pserver:anonymous@dev.eclipse.org:/cvsroot/tools,,org.eclipse.orbit/org.apache.xmlrpc

plugin@org.apache.ws.commons.util,1.0.0=v20081204,:pserver:anonymous@dev.eclipse.org:/cvsroot/tools,,org.eclipse.orbit/org.apache.ws.commons.util
plugin@org.apache.ws.commons.util,1.0.1=v20081204-1018,:pserver:anonymous@dev.eclipse.org:/cvsroot/tools,,org.eclipse.orbit/org.apache.ws.commons.util
plugin@org.apache.ws.jaxme=v20080530-1550,:pserver:anonymous@dev.eclipse.org:/cvsroot/tools,,org.eclipse.orbit/org.apache.ws.jaxme

plugin@org.junit,3.8.1=v20090203-1000,:pserver:anonymous@dev.eclipse.org:/cvsroot/tools,,org.eclipse.orbit/org.junit
plugin@org.junit.source,3.8.1=v20090203-1000,:pserver:anonymous@dev.eclipse.org:/cvsroot/tools,,org.eclipse.orbit/org.junit/source-bundle
plugin@org.junit,3.8.2=v20090203-1005,:pserver:anonymous@dev.eclipse.org:/cvsroot/tools,,org.eclipse.orbit/org.junit
plugin@org.junit.source,3.8.2=v20090203-1005,:pserver:anonymous@dev.eclipse.org:/cvsroot/tools,,org.eclipse.orbit/org.junit/source-bundle
plugin@org.junit,4.1.0=v20090203-1010,:pserver:anonymous@dev.eclipse.org:/cvsroot/tools,,org.eclipse.orbit/org.junit
plugin@org.junit.source,4.1.0=v20090203-1010,:pserver:anonymous@dev.eclipse.org:/cvsroot/tools,,org.eclipse.orbit/org.junit/source-bundle
plugin@org.junit,4.3.1=v20090203-1015,:pserver:anonymous@dev.eclipse.org:/cvsroot/tools,,org.eclipse.orbit/org.junit
plugin@org.junit.source,4.3.1=v20090203-1015,:pserver:anonymous@dev.eclipse.org:/cvsroot/tools,,org.eclipse.orbit/org.junit/source-bundle

plugin@org.mortbay.jetty,5.1.11=v200806031610,:pserver:anonymous@dev.eclipse.org:/cvsroot/tools,,org.eclipse.orbit/org.mortbay.jetty
plugin@org.mortbay.jetty.source,5.1.11=v200806031610,:pserver:anonymous@dev.eclipse.org:/cvsroot/tools,,org.eclipse.orbit/org.mortbay.jetty/source-bundle
plugin@org.mortbay.jetty,5.1.14=v200806031611,:pserver:anonymous@dev.eclipse.org:/cvsroot/tools,,org.eclipse.orbit/org.mortbay.jetty
plugin@org.mortbay.jetty.source,5.1.14=v200806031611,:pserver:anonymous@dev.eclipse.org:/cvsroot/tools,,org.eclipse.orbit/org.mortbay.jetty/source-bundle

plugin@org.mortbay.jetty.server,6.1.7=v200806031612,:pserver:anonymous@dev.eclipse.org:/cvsroot/tools,,org.eclipse.orbit/org.mortbay.jetty.server
plugin@org.mortbay.jetty.server.source,6.1.7=v200806031612,:pserver:anonymous@dev.eclipse.org:/cvsroot/tools,,org.eclipse.orbit/org.mortbay.jetty.server/source-bundle
plugin@org.mortbay.jetty.util,6.1.7=v200806031612,:pserver:anonymous@dev.eclipse.org:/cvsroot/tools,,org.eclipse.orbit/org.mortbay.jetty.util
plugin@org.mortbay.jetty.util.source,6.1.7=v200806031612,:pserver:anonymous@dev.eclipse.org:/cvsroot/tools,,org.eclipse.orbit/org.mortbay.jetty.util/source-bundle
plugin@org.mortbay.jetty.server,6.1.15=v200905151201,:pserver:anonymous@dev.eclipse.org:/cvsroot/tools,,org.eclipse.orbit/org.mortbay.jetty.server
plugin@org.mortbay.jetty.server.source,6.1.15=v200905151201,:pserver:anonymous@dev.eclipse.org:/cvsroot/tools,,org.eclipse.orbit/org.mortbay.jetty.server/source-bundle
plugin@org.mortbay.jetty.util,6.1.15=v200905182336,:pserver:anonymous@dev.eclipse.org:/cvsroot/tools,,org.eclipse.orbit/org.mortbay.jetty.util
plugin@org.mortbay.jetty.util.source,6.1.15=v200905182336,:pserver:anonymous@dev.eclipse.org:/cvsroot/tools,,org.eclipse.orbit/org.mortbay.jetty.util/source-bundle

plugin@org.apache.xerces,2.8.0=v200803070308,:pserver:anonymous@dev.eclipse.org:/cvsroot/tools,,org.eclipse.orbit/org.apache.xerces
plugin@org.apache.xml.resolver,1.1.0=v200806030311,:pserver:anonymous@dev.eclipse.org:/cvsroot/tools,,org.eclipse.orbit/org.apache.xml.resolver

plugin@org.apache.xerces,2.9.0=v200909240008,:pserver:anonymous@dev.eclipse.org:/cvsroot/tools,,org.eclipse.orbit/org.apache.xerces
plugin@org.apache.xml.resolver,1.2.0=v200902170519,:pserver:anonymous@dev.eclipse.org:/cvsroot/tools,,org.eclipse.orbit/org.apache.xml.resolver
plugin@org.apache.xml.serializer,2.7.1=v200902170519,:pserver:anonymous@dev.eclipse.org:/cvsroot/tools,,org.eclipse.orbit/org.apache.xml.serializer
plugin@javax.xml,1.3.4=v200902170245,:pserver:anonymous@dev.eclipse.org:/cvsroot/tools,,org.eclipse.orbit/javax.xml

plugin@org.apache.xalan,2.7.0=v200806030241,:pserver:anonymous@dev.eclipse.org:/cvsroot/tools,,org.eclipse.orbit/org.apache.xalan
plugin@org.apache.xalan,2.7.1=v200905122109,:pserver:anonymous@dev.eclipse.org:/cvsroot/tools,,org.eclipse.orbit/org.apache.xalan
plugin@org.apache.bcel,5.2.0=v200803061811,:pserver:anonymous@dev.eclipse.org:/cvsroot/tools,,org.eclipse.orbit/org.apache.bcel
plugin@org.apache.bcel.source,5.2.0=v200803061811,:pserver:anonymous@dev.eclipse.org:/cvsroot/tools,,org.eclipse.orbit/org.apache.bcel/source-bundle
plugin@java_cup.runtime,0.10.0=v200803061811,:pserver:anonymous@dev.eclipse.org:/cvsroot/tools,,org.eclipse.orbit/java_cup.runtime
plugin@java_cup.runtime.source,0.10.0=v200803061811,:pserver:anonymous@dev.eclipse.org:/cvsroot/tools,,org.eclipse.orbit/java_cup.runtime/source-bundle

plugin@javax.management=v200803061811,:pserver:anonymous@dev.eclipse.org:/cvsroot/tools,,org.eclipse.orbit/javax.management
plugin@javax.management.remote=v200803061811,:pserver:anonymous@dev.eclipse.org:/cvsroot/tools,,org.eclipse.orbit/javax.management.remote
plugin@net.sourceforge.mx4j=v200803061811,:pserver:anonymous@dev.eclipse.org:/cvsroot/tools,,org.eclipse.orbit/net.sourceforge.mx4j
plugin@net.sourceforge.mx4j.remote=v200803061811,:pserver:anonymous@dev.eclipse.org:/cvsroot/tools,,org.eclipse.orbit/net.sourceforge.mx4j.remote

plugin@com.ibm.icu,3.4.5=CVS,tag=v20080530-1653,cvsRoot=:pserver:anonymous@dev.eclipse.org:/cvsroot/tools,path=org.eclipse.orbit/com.ibm.icu/bin,prebuilt=true
plugin@com.ibm.icu.base,3.4.5=CVS,tag=v20080530-1653,cvsRoot=:pserver:anonymous@dev.eclipse.org:/cvsroot/tools,path=org.eclipse.orbit/com.ibm.icu.base/bin,prebuilt=true
plugin@com.ibm.icu.source,3.4.5=CVS,tag=v20080530-1653,cvsRoot=:pserver:anonymous@dev.eclipse.org:/cvsroot/tools,path=org.eclipse.orbit/com.ibm.icu/src
plugin@com.ibm.icu.base.source,3.4.5=CVS,tag=v20080530-1653,cvsRoot=:pserver:anonymous@dev.eclipse.org:/cvsroot/tools,path=org.eclipse.orbit/com.ibm.icu.base/src

plugin@com.ibm.icu,3.6.0=CVS,tag=v20080530-1655,cvsRoot=:pserver:anonymous@dev.eclipse.org:/cvsroot/tools,path=org.eclipse.orbit/com.ibm.icu/bin,prebuilt=true
plugin@com.ibm.icu.base,3.6.0=CVS,tag=v20080530-1655,cvsRoot=:pserver:anonymous@dev.eclipse.org:/cvsroot/tools,path=org.eclipse.orbit/com.ibm.icu.base/bin,prebuilt=true
plugin@com.ibm.icu.source,3.6.0=CVS,tag=v20080530-1655,cvsRoot=:pserver:anonymous@dev.eclipse.org:/cvsroot/tools,path=org.eclipse.orbit/com.ibm.icu/src
plugin@com.ibm.icu.base.source,3.6.0=CVS,tag=v20080530-1655,cvsRoot=:pserver:anonymous@dev.eclipse.org:/cvsroot/tools,path=org.eclipse.orbit/com.ibm.icu.base/src

plugin@com.ibm.icu,3.6.1=CVS,tag=v20080530-1700,cvsRoot=:pserver:anonymous@dev.eclipse.org:/cvsroot/tools,path=org.eclipse.orbit/com.ibm.icu/bin,prebuilt=true
plugin@com.ibm.icu.base,3.6.1=CVS,tag=v20080530-1700,cvsRoot=:pserver:anonymous@dev.eclipse.org:/cvsroot/tools,path=org.eclipse.orbit/com.ibm.icu.base/bin,prebuilt=true
plugin@com.ibm.icu.source,3.6.1=CVS,tag=v20080530-1700,cvsRoot=:pserver:anonymous@dev.eclipse.org:/cvsroot/tools,path=org.eclipse.orbit/com.ibm.icu/src
plugin@com.ibm.icu.base.source,3.6.1=CVS,tag=v20080530-1700,cvsRoot=:pserver:anonymous@dev.eclipse.org:/cvsroot/tools,path=org.eclipse.orbit/com.ibm.icu.base/src

plugin@com.ibm.icu,3.8.1=CVS,tag=v20090203-1055,cvsRoot=:pserver:anonymous@dev.eclipse.org:/cvsroot/tools,path=org.eclipse.orbit/com.ibm.icu/bin,prebuilt=true
plugin@com.ibm.icu.base,3.8.1=CVS,tag=v20090203-1055,cvsRoot=:pserver:anonymous@dev.eclipse.org:/cvsroot/tools,path=org.eclipse.orbit/com.ibm.icu.base/bin,prebuilt=true
plugin@com.ibm.icu.source,3.8.1=CVS,tag=v20090203-1055,cvsRoot=:pserver:anonymous@dev.eclipse.org:/cvsroot/tools,path=org.eclipse.orbit/com.ibm.icu/src,prebuilt=true
plugin@com.ibm.icu.base.source,3.8.1=CVS,tag=v20090203-1055,cvsRoot=:pserver:anonymous@dev.eclipse.org:/cvsroot/tools,path=org.eclipse.orbit/com.ibm.icu.base/src,prebuilt=true

plugin@com.ibm.icu,4.0.0=CVS,tag=v20081204,cvsRoot=:pserver:anonymous@dev.eclipse.org:/cvsroot/tools,path=org.eclipse.orbit/com.ibm.icu/bin,prebuilt=true
plugin@com.ibm.icu.base,4.0.0=CVS,tag=v20081204,cvsRoot=:pserver:anonymous@dev.eclipse.org:/cvsroot/tools,path=org.eclipse.orbit/com.ibm.icu.base/bin,prebuilt=true
plugin@com.ibm.icu.source,4.0.0=CVS,tag=v20081204,cvsRoot=:pserver:anonymous@dev.eclipse.org:/cvsroot/tools,path=org.eclipse.orbit/com.ibm.icu/src,prebuilt=true
plugin@com.ibm.icu.base.source,4.0.0=CVS,tag=v20081204,cvsRoot=:pserver:anonymous@dev.eclipse.org:/cvsroot/tools,path=org.eclipse.orbit/com.ibm.icu.base/src,prebuilt=true

plugin@com.ibm.icu,4.0.1=CVS,tag=v20090824-0900,cvsRoot=:pserver:anonymous@dev.eclipse.org:/cvsroot/tools,path=org.eclipse.orbit/com.ibm.icu/bin,prebuilt=true
plugin@com.ibm.icu.base,4.0.1=CVS,tag=v20090824-0900,cvsRoot=:pserver:anonymous@dev.eclipse.org:/cvsroot/tools,path=org.eclipse.orbit/com.ibm.icu.base/bin,prebuilt=true
plugin@com.ibm.icu.source,4.0.1=CVS,tag=v20090824-0900,cvsRoot=:pserver:anonymous@dev.eclipse.org:/cvsroot/tools,path=org.eclipse.orbit/com.ibm.icu/src,prebuilt=true
plugin@com.ibm.icu.base.source,4.0.1=CVS,tag=v20090824-0900,cvsRoot=:pserver:anonymous@dev.eclipse.org:/cvsroot/tools,path=org.eclipse.orbit/com.ibm.icu.base/src,prebuilt=true

plugin@com.jcraft.jsch,0.1.28=CVS,tag=v200702011720,cvsRoot=:pserver:anonymous@dev.eclipse.org:/cvsroot/tools,path=org.eclipse.orbit/com.jcraft.jsch,prebuilt=true
plugin@com.jcraft.jsch,0.1.31=CVS,tag=v200705291347,cvsRoot=:pserver:anonymous@dev.eclipse.org:/cvsroot/tools,path=org.eclipse.orbit/com.jcraft.jsch,prebuilt=true
plugin@com.jcraft.jsch,0.1.37=CVS,tag=v200803061811,cvsRoot=:pserver:anonymous@dev.eclipse.org:/cvsroot/tools,path=org.eclipse.orbit/com.jcraft.jsch
plugin@com.jcraft.jsch.source,0.1.37=CVS,tag=v200803061811,cvsRoot=:pserver:anonymous@dev.eclipse.org:/cvsroot/tools,path=org.eclipse.orbit/com.jcraft.jsch/source-bundle
plugin@com.jcraft.jsch,0.1.41=CVS,tag=v200903070017,cvsRoot=:pserver:anonymous@dev.eclipse.org:/cvsroot/tools,path=org.eclipse.orbit/com.jcraft.jsch
plugin@com.jcraft.jsch.source,0.1.41=CVS,tag=v200903070017,cvsRoot=:pserver:anonymous@dev.eclipse.org:/cvsroot/tools,path=org.eclipse.orbit/com.jcraft.jsch/source-bundle

!*************** Start Apache Batik bundles

plugin@org.apache.batik.bridge,1.6.0=v200805290154,:pserver:anonymous@dev.eclipse.org:/cvsroot/tools,,org.eclipse.orbit/org.apache.batik.bridge
plugin@org.apache.batik.bridge.source,1.6.0=v200805290154,:pserver:anonymous@dev.eclipse.org:/cvsroot/tools,,org.eclipse.orbit/org.apache.batik.bridge/source-bundle

plugin@org.apache.batik.bridge,1.7.0=v200903091627,:pserver:anonymous@dev.eclipse.org:/cvsroot/tools,,org.eclipse.orbit/org.apache.batik.bridge
plugin@org.apache.batik.bridge.source,1.7.0=v200903091627,:pserver:anonymous@dev.eclipse.org:/cvsroot/tools,,org.eclipse.orbit/org.apache.batik.bridge/source-bundle

plugin@org.apache.batik.css,1.6.0=v200805290154,:pserver:anonymous@dev.eclipse.org:/cvsroot/tools,,org.eclipse.orbit/org.apache.batik.css
plugin@org.apache.batik.css.source,1.6.0=v200805290154,:pserver:anonymous@dev.eclipse.org:/cvsroot/tools,,org.eclipse.orbit/org.apache.batik.css/source-bundle

plugin@org.apache.batik.css,1.7.0=v200903091627,:pserver:anonymous@dev.eclipse.org:/cvsroot/tools,,org.eclipse.orbit/org.apache.batik.css
plugin@org.apache.batik.css.source,1.7.0=v200903091627,:pserver:anonymous@dev.eclipse.org:/cvsroot/tools,,org.eclipse.orbit/org.apache.batik.css/source-bundle

plugin@org.apache.batik.dom,1.6.0=v200805290154,:pserver:anonymous@dev.eclipse.org:/cvsroot/tools,,org.eclipse.orbit/org.apache.batik.dom
plugin@org.apache.batik.dom.source,1.6.0=v200805290154,:pserver:anonymous@dev.eclipse.org:/cvsroot/tools,,org.eclipse.orbit/org.apache.batik.dom/source-bundle

plugin@org.apache.batik.dom,1.7.0=v200903091627,:pserver:anonymous@dev.eclipse.org:/cvsroot/tools,,org.eclipse.orbit/org.apache.batik.dom
plugin@org.apache.batik.dom.source,1.7.0=v200903091627,:pserver:anonymous@dev.eclipse.org:/cvsroot/tools,,org.eclipse.orbit/org.apache.batik.dom/source-bundle

plugin@org.apache.batik.dom.svg,1.6.0=v200805290154,:pserver:anonymous@dev.eclipse.org:/cvsroot/tools,,org.eclipse.orbit/org.apache.batik.dom.svg
plugin@org.apache.batik.dom.svg.source,1.6.0=v200805290154,:pserver:anonymous@dev.eclipse.org:/cvsroot/tools,,org.eclipse.orbit/org.apache.batik.dom.svg/source-bundle

plugin@org.apache.batik.dom.svg,1.7.0=v200903091627,:pserver:anonymous@dev.eclipse.org:/cvsroot/tools,,org.eclipse.orbit/org.apache.batik.dom.svg
plugin@org.apache.batik.dom.svg.source,1.7.0=v200903091627,:pserver:anonymous@dev.eclipse.org:/cvsroot/tools,,org.eclipse.orbit/org.apache.batik.dom.svg/source-bundle

plugin@org.apache.batik.ext.awt,1.6.0=v200805290154,:pserver:anonymous@dev.eclipse.org:/cvsroot/tools,,org.eclipse.orbit/org.apache.batik.ext.awt
plugin@org.apache.batik.ext.awt.source,1.6.0=v200805290154,:pserver:anonymous@dev.eclipse.org:/cvsroot/tools,,org.eclipse.orbit/org.apache.batik.ext.awt/source-bundle

plugin@org.apache.batik.ext.awt,1.7.0=v200903091627,:pserver:anonymous@dev.eclipse.org:/cvsroot/tools,,org.eclipse.orbit/org.apache.batik.ext.awt
plugin@org.apache.batik.ext.awt.source,1.7.0=v200903091627,:pserver:anonymous@dev.eclipse.org:/cvsroot/tools,,org.eclipse.orbit/org.apache.batik.ext.awt/source-bundle

plugin@org.apache.batik.extension,1.6.0=v200805290154,:pserver:anonymous@dev.eclipse.org:/cvsroot/tools,,org.eclipse.orbit/org.apache.batik.extension
plugin@org.apache.batik.extension.source,1.6.0=v200805290154,:pserver:anonymous@dev.eclipse.org:/cvsroot/tools,,org.eclipse.orbit/org.apache.batik.extension/source-bundle

plugin@org.apache.batik.extension,1.7.0=v200903091627,:pserver:anonymous@dev.eclipse.org:/cvsroot/tools,,org.eclipse.orbit/org.apache.batik.extension
plugin@org.apache.batik.extension.source,1.7.0=v200903091627,:pserver:anonymous@dev.eclipse.org:/cvsroot/tools,,org.eclipse.orbit/org.apache.batik.extension/source-bundle

plugin@org.apache.batik.parser,1.6.0=v200805290154,:pserver:anonymous@dev.eclipse.org:/cvsroot/tools,,org.eclipse.orbit/org.apache.batik.parser
plugin@org.apache.batik.parser.source,1.6.0=v200805290154,:pserver:anonymous@dev.eclipse.org:/cvsroot/tools,,org.eclipse.orbit/org.apache.batik.parser/source-bundle

plugin@org.apache.batik.parser,1.7.0=v200903091627,:pserver:anonymous@dev.eclipse.org:/cvsroot/tools,,org.eclipse.orbit/org.apache.batik.parser
plugin@org.apache.batik.parser.source,1.7.0=v200903091627,:pserver:anonymous@dev.eclipse.org:/cvsroot/tools,,org.eclipse.orbit/org.apache.batik.parser/source-bundle

plugin@org.apache.batik.svggen,1.6.0=v200805290154,:pserver:anonymous@dev.eclipse.org:/cvsroot/tools,,org.eclipse.orbit/org.apache.batik.svggen
plugin@org.apache.batik.svggen.source,1.6.0=v200805290154,:pserver:anonymous@dev.eclipse.org:/cvsroot/tools,,org.eclipse.orbit/org.apache.batik.svggen/source-bundle

plugin@org.apache.batik.svggen,1.7.0=v200903091627,:pserver:anonymous@dev.eclipse.org:/cvsroot/tools,,org.eclipse.orbit/org.apache.batik.svggen
plugin@org.apache.batik.svggen.source,1.7.0=v200903091627,:pserver:anonymous@dev.eclipse.org:/cvsroot/tools,,org.eclipse.orbit/org.apache.batik.svggen/source-bundle

plugin@org.apache.batik.swing,1.6.0=v200805290154,:pserver:anonymous@dev.eclipse.org:/cvsroot/tools,,org.eclipse.orbit/org.apache.batik.swing
plugin@org.apache.batik.swing.source,1.6.0=v200805290154,:pserver:anonymous@dev.eclipse.org:/cvsroot/tools,,org.eclipse.orbit/org.apache.batik.swing/source-bundle

plugin@org.apache.batik.swing,1.7.0=v200903091627,:pserver:anonymous@dev.eclipse.org:/cvsroot/tools,,org.eclipse.orbit/org.apache.batik.swing
plugin@org.apache.batik.swing.source,1.7.0=v200903091627,:pserver:anonymous@dev.eclipse.org:/cvsroot/tools,,org.eclipse.orbit/org.apache.batik.swing/source-bundle

plugin@org.apache.batik.transcoder,1.6.0=v200805290154,:pserver:anonymous@dev.eclipse.org:/cvsroot/tools,,org.eclipse.orbit/org.apache.batik.transcoder
plugin@org.apache.batik.transcoder.source,1.6.0=v200805290154,:pserver:anonymous@dev.eclipse.org:/cvsroot/tools,,org.eclipse.orbit/org.apache.batik.transcoder/source-bundle

plugin@org.apache.batik.transcoder,1.7.0=v200903091627,:pserver:anonymous@dev.eclipse.org:/cvsroot/tools,,org.eclipse.orbit/org.apache.batik.transcoder
plugin@org.apache.batik.transcoder.source,1.7.0=v200903091627,:pserver:anonymous@dev.eclipse.org:/cvsroot/tools,,org.eclipse.orbit/org.apache.batik.transcoder/source-bundle

plugin@org.apache.batik.util,1.6.0=v200805290154,:pserver:anonymous@dev.eclipse.org:/cvsroot/tools,,org.eclipse.orbit/org.apache.batik.util
plugin@org.apache.batik.util.source,1.6.0=v200805290154,:pserver:anonymous@dev.eclipse.org:/cvsroot/tools,,org.eclipse.orbit/org.apache.batik.util/source-bundle

plugin@org.apache.batik.util,1.7.0=v200903091627,:pserver:anonymous@dev.eclipse.org:/cvsroot/tools,,org.eclipse.orbit/org.apache.batik.util
plugin@org.apache.batik.util.source,1.7.0=v200903091627,:pserver:anonymous@dev.eclipse.org:/cvsroot/tools,,org.eclipse.orbit/org.apache.batik.util/source-bundle

plugin@org.apache.batik.util.gui,1.6.0=v200805290154,:pserver:anonymous@dev.eclipse.org:/cvsroot/tools,,org.eclipse.orbit/org.apache.batik.util.gui
plugin@org.apache.batik.util.gui.source,1.6.0=v200805290154,:pserver:anonymous@dev.eclipse.org:/cvsroot/tools,,org.eclipse.orbit/org.apache.batik.util.gui/source-bundle

plugin@org.apache.batik.util.gui,1.7.0=v200903091627,:pserver:anonymous@dev.eclipse.org:/cvsroot/tools,,org.eclipse.orbit/org.apache.batik.util.gui
plugin@org.apache.batik.util.gui.source,1.7.0=v200903091627,:pserver:anonymous@dev.eclipse.org:/cvsroot/tools,,org.eclipse.orbit/org.apache.batik.util.gui/source-bundle

plugin@org.apache.batik.xml,1.6.0=v200805290154,:pserver:anonymous@dev.eclipse.org:/cvsroot/tools,,org.eclipse.orbit/org.apache.batik.xml
plugin@org.apache.batik.xml.source,1.6.0=v200805290154,:pserver:anonymous@dev.eclipse.org:/cvsroot/tools,,org.eclipse.orbit/org.apache.batik.xml/source-bundle

plugin@org.apache.batik.xml,1.7.0=v200903091627,:pserver:anonymous@dev.eclipse.org:/cvsroot/tools,,org.eclipse.orbit/org.apache.batik.xml
plugin@org.apache.batik.xml.source,1.7.0=v200903091627,:pserver:anonymous@dev.eclipse.org:/cvsroot/tools,,org.eclipse.orbit/org.apache.batik.xml/source-bundle

plugin@org.w3c.css.sac,1.3.0=v200805290154,:pserver:anonymous@dev.eclipse.org:/cvsroot/tools,,org.eclipse.orbit/org.w3c.css.sac
plugin@org.w3c.css.sac.source,1.3.0=v200805290154,:pserver:anonymous@dev.eclipse.org:/cvsroot/tools,,org.eclipse.orbit/org.w3c.css.sac/source-bundle

plugin@org.w3c.css.sac,1.3.1=v200903091627,:pserver:anonymous@dev.eclipse.org:/cvsroot/tools,,org.eclipse.orbit/org.w3c.css.sac
plugin@org.w3c.css.sac.source,1.3.1=v200903091627,:pserver:anonymous@dev.eclipse.org:/cvsroot/tools,,org.eclipse.orbit/org.w3c.css.sac/source-bundle

plugin@org.w3c.dom.events,3.0.0=v200905140418,:pserver:anonymous@dev.eclipse.org:/cvsroot/tools,,org.eclipse.orbit/org.w3c.dom.events
plugin@org.w3c.dom.events.source,3.0.0=v200905140418,:pserver:anonymous@dev.eclipse.org:/cvsroot/tools,,org.eclipse.orbit/org.w3c.dom.events/source-bundle

plugin@org.w3c.dom.smil,1.0.0=v200806040011,:pserver:anonymous@dev.eclipse.org:/cvsroot/tools,,org.eclipse.orbit/org.w3c.dom.smil
plugin@org.w3c.dom.smil.source,1.0.0=v200806040011,:pserver:anonymous@dev.eclipse.org:/cvsroot/tools,,org.eclipse.orbit/org.w3c.dom.smil/source-bundle

plugin@org.w3c.dom.smil,1.0.1=v200903091627,:pserver:anonymous@dev.eclipse.org:/cvsroot/tools,,org.eclipse.orbit/org.w3c.dom.smil
plugin@org.w3c.dom.smil.source,1.0.1=v200903091627,:pserver:anonymous@dev.eclipse.org:/cvsroot/tools,,org.eclipse.orbit/org.w3c.dom.smil/source-bundle

plugin@org.w3c.dom.svg,1.1.0=v200806040011,:pserver:anonymous@dev.eclipse.org:/cvsroot/tools,,org.eclipse.orbit/org.w3c.dom.svg
plugin@org.w3c.dom.svg.source,1.1.0=v200806040011,:pserver:anonymous@dev.eclipse.org:/cvsroot/tools,,org.eclipse.orbit/org.w3c.dom.svg/source-bundle

!*************** End   Apache Batik bundles

plugin@org.apache.batik.pdf,1.6.0=v200806031500,:pserver:anonymous@dev.eclipse.org:/cvsroot/tools,,org.eclipse.orbit/org.apache.batik.pdf


plugin@org.apache.log4j,1.2.8=v200803061910,:pserver:anonymous@dev.eclipse.org:/cvsroot/tools,,org.eclipse.orbit/org.apache.log4j
plugin@org.apache.log4j,1.2.13=v200903072027,:pserver:anonymous@dev.eclipse.org:/cvsroot/tools,,org.eclipse.orbit/org.apache.log4j

plugin@org.apache.axis=v200905122109,:pserver:anonymous@dev.eclipse.org:/cvsroot/tools,,org.eclipse.orbit/org.apache.axis

plugin@javax.wsdl,1.4.0=v200806030407,:pserver:anonymous@dev.eclipse.org:/cvsroot/tools,,org.eclipse.orbit/javax.wsdl
plugin@javax.wsdl15,1.5.1=v200806030409,:pserver:anonymous@dev.eclipse.org:/cvsroot/tools,,org.eclipse.orbit/javax.wsdl
plugin@javax.wsdl,1.5.1=v200806030408,:pserver:anonymous@dev.eclipse.org:/cvsroot/tools,,org.eclipse.orbit/javax.wsdl
plugin@javax.wsdl,1.6.2=v200806030405,:pserver:anonymous@dev.eclipse.org:/cvsroot/tools,,org.eclipse.orbit/javax.wsdl
plugin@javax.wsdl.source,1.6.2=v200806030405,:pserver:anonymous@dev.eclipse.org:/cvsroot/tools,,org.eclipse.orbit/javax.wsdl/source-bundle

plugin@javax.xml.bind,2.0.0=v20080604-1500,:pserver:anonymous@dev.eclipse.org:/cvsroot/tools,,org.eclipse.orbit/javax.xml.bind
plugin@javax.xml.bind.source,2.0.0=v20080604-1500,:pserver:anonymous@dev.eclipse.org:/cvsroot/tools,,org.eclipse.orbit/javax.xml.bind/source-bundle
plugin@javax.xml.bind,2.1.9=v200905050702,:pserver:anonymous@dev.eclipse.org:/cvsroot/tools,,org.eclipse.orbit/javax.xml.bind

plugin@javax.xml.ws,2.0.0=v200902170419,:pserver:anonymous@dev.eclipse.org:/cvsroot/tools,,org.eclipse.orbit/javax.xml.ws
plugin@javax.xml.ws,2.1.0=v200905261907,:pserver:anonymous@dev.eclipse.org:/cvsroot/tools,,org.eclipse.orbit/javax.xml.ws

plugin@javax.xml.stream,1.0.1=v201001131653,:pserver:anonymous@dev.eclipse.org:/cvsroot/tools,,org.eclipse.orbit/javax.xml.stream

plugin@javax.jws=v200905261939,:pserver:anonymous@dev.eclipse.org:/cvsroot/tools,,org.eclipse.orbit/javax.jws
plugin@javax.jws.source=v200905261939,:pserver:anonymous@dev.eclipse.org:/cvsroot/tools,,org.eclipse.orbit/javax.jws/source-bundle

plugin@org.jdom,1.0.0=v200806100616,:pserver:anonymous@dev.eclipse.org:/cvsroot/tools,,org.eclipse.orbit/org.jdom
plugin@org.jdom.source,1.0.0=v200806100616,:pserver:anonymous@dev.eclipse.org:/cvsroot/tools,,org.eclipse.orbit/org.jdom/source-bundle

plugin@javax.xml.rpc=v200905122109,:pserver:anonymous@dev.eclipse.org:/cvsroot/tools,,org.eclipse.orbit/javax.xml.rpc
plugin@javax.xml.soap,1.2.0=v200905122109,:pserver:anonymous@dev.eclipse.org:/cvsroot/tools,,org.eclipse.orbit/javax.xml.soap
plugin@javax.xml.soap,1.3.0=v200904281458,:pserver:anonymous@dev.eclipse.org:/cvsroot/tools,,org.eclipse.orbit/javax.xml.soap
plugin@org.apache.commons.discovery=v200905122109,:pserver:anonymous@dev.eclipse.org:/cvsroot/tools,,org.eclipse.orbit/org.apache.commons.discovery
plugin@org.uddi4j=v200805270300,:pserver:anonymous@dev.eclipse.org:/cvsroot/tools,,org.eclipse.orbit/org.uddi4j
plugin@org.apache.wsil4j=v200901211807,:pserver:anonymous@dev.eclipse.org:/cvsroot/tools,,org.eclipse.orbit/org.apache.wsil4j
plugin@javax.mail=v200905040518,:pserver:anonymous@dev.eclipse.org:/cvsroot/tools,,org.eclipse.orbit/javax.mail

plugin@javax.mail.glassfish=v200808130215,:pserver:anonymous@dev.eclipse.org:/cvsroot/tools,,org.eclipse.orbit/javax.mail.glassfish
plugin@javax.mail.glassfish.source=v200808130215,:pserver:anonymous@dev.eclipse.org:/cvsroot/tools,,org.eclipse.orbit/javax.mail.glassfish/source-bundle

plugin@javax.activation=v200906290531,:pserver:anonymous@dev.eclipse.org:/cvsroot/tools,,org.eclipse.orbit/javax.activation

plugin@org.mozilla.javascript,1.6.2=v200806030330,:pserver:anonymous@dev.eclipse.org:/cvsroot/tools,,org.eclipse.orbit/org.mozilla.javascript
plugin@org.mozilla.javascript,1.6.6=v200903061552,:pserver:anonymous@dev.eclipse.org:/cvsroot/tools,,org.eclipse.orbit/org.mozilla.javascript

!*************** Start other bundles

plugin@org.antlr.runtime,3.0.0=v200803061811,:pserver:anonymous@dev.eclipse.org:/cvsroot/tools,,org.eclipse.orbit/org.antlr.runtime
plugin@org.antlr.runtime.source,3.0.0=v200803061811,:pserver:anonymous@dev.eclipse.org:/cvsroot/tools,,org.eclipse.orbit/org.antlr.runtime/source-bundle

plugin@org.objectweb.asm,3.0.0=v200803061811,:pserver:anonymous@dev.eclipse.org:/cvsroot/tools,,org.eclipse.orbit/org.objectweb.asm
plugin@org.objectweb.asm.source,3.0.0=v200803061811,:pserver:anonymous@dev.eclipse.org:/cvsroot/tools,,org.eclipse.orbit/org.objectweb.asm/source-bundle

plugin@org.objectweb.asm,3.1.0=v200803061910,:pserver:anonymous@dev.eclipse.org:/cvsroot/tools,,org.eclipse.orbit/org.objectweb.asm
plugin@org.objectweb.asm.source,3.1.0=v200803061910,:pserver:anonymous@dev.eclipse.org:/cvsroot/tools,,org.eclipse.orbit/org.objectweb.asm/source-bundle

plugin@ch.ethz.iks.slp,1.0.0=v20080820-1500,:pserver:anonymous@dev.eclipse.org:/cvsroot/tools,,org.eclipse.orbit/ch.ethz.iks.slp
plugin@ch.ethz.iks.slp.source,1.0.0=v20080604-1500,:pserver:anonymous@dev.eclipse.org:/cvsroot/tools,,org.eclipse.orbit/ch.ethz.iks.slp/source-bundle

plugin@com.sun.syndication,0.9.0=v200803061811,:pserver:anonymous@dev.eclipse.org:/cvsroot/tools,,org.eclipse.orbit/com.sun.syndication
plugin@com.sun.syndication.source,0.9.0=v200803061811,:pserver:anonymous@dev.eclipse.org:/cvsroot/tools,,org.eclipse.orbit/com.sun.syndication/source-bundle

plugin@org.sat4j.core,2.0.3=CVS,tag=v20081023,cvsRoot=:pserver:anonymous@dev.eclipse.org:/cvsroot/tools,path=org.eclipse.orbit/org.sat4j.core/jar,prebuilt=true
plugin@org.sat4j.pb,2.0.3=CVS,tag=v20081023,cvsRoot=:pserver:anonymous@dev.eclipse.org:/cvsroot/tools,path=org.eclipse.orbit/org.sat4j.pb/jar,prebuilt=true

plugin@org.sat4j.core,2.1.0=CVS,tag=v20090520,cvsRoot=:pserver:anonymous@dev.eclipse.org:/cvsroot/tools,path=org.eclipse.orbit/org.sat4j.core/jar,prebuilt=true
plugin@org.sat4j.pb,2.1.0=CVS,tag=v20090520,cvsRoot=:pserver:anonymous@dev.eclipse.org:/cvsroot/tools,path=org.eclipse.orbit/org.sat4j.pb/jar,prebuilt=true

plugin@org.sat4j.core,2.1.1=CVS,tag=v20090911-1800,cvsRoot=:pserver:anonymous@dev.eclipse.org:/cvsroot/tools,path=org.eclipse.orbit/org.sat4j.core/jar,prebuilt=true
plugin@org.sat4j.pb,2.1.1=CVS,tag=v20090911-1800,cvsRoot=:pserver:anonymous@dev.eclipse.org:/cvsroot/tools,path=org.eclipse.orbit/org.sat4j.pb/jar,prebuilt=true

plugin@org.easymock,2.4.0=v20090202-0900,:pserver:anonymous@dev.eclipse.org:/cvsroot/tools,,org.eclipse.orbit/org.easymock
plugin@org.easymock.source,2.4.0=v20090202-0900,:pserver:anonymous@dev.eclipse.org:/cvsroot/tools,,org.eclipse.orbit/org.easymock/source-bundle

plugin@com.thoughtworks.qdox,1.6.3=v20081201-1400,:pserver:anonymous@dev.eclipse.org:/cvsroot/tools,,org.eclipse.orbit/com.thoughtworks.qdox
plugin@com.thoughtworks.qdox.source,1.6.3=v20081201-1400,:pserver:anonymous@dev.eclipse.org:/cvsroot/tools,,org.eclipse.orbit/com.thoughtworks.qdox/source-bundle

plugin@edu.emory.mathcs.backport,3.1.0=v200902251154,:pserver:anonymous@dev.eclipse.org:/cvsroot/tools,,org.eclipse.orbit/edu.emory.mathcs.backport
plugin@edu.emory.mathcs.backport.source,3.1.0=v200902251154,:pserver:anonymous@dev.eclipse.org:/cvsroot/tools,,org.eclipse.orbit/edu.emory.mathcs.backport/source-bundle

plugin@org.hamcrest,1.1.0=v20090501071000,:pserver:anonymous@dev.eclipse.org:/cvsroot/tools,,org.eclipse.orbit/org.hamcrest

plugin@org.hamcrest.core,1.1.0=v20090501071000,:pserver:anonymous@dev.eclipse.org:/cvsroot/tools,,org.eclipse.orbit/org.hamcrest.core
plugin@org.hamcrest.core.source,1.1.0=v20090501071000,:pserver:anonymous@dev.eclipse.org:/cvsroot/tools,,org.eclipse.orbit/org.hamcrest.core/source-bundle

plugin@org.hamcrest.generator,1.1.0=v20090501071000,:pserver:anonymous@dev.eclipse.org:/cvsroot/tools,,org.eclipse.orbit/org.hamcrest.generator
plugin@org.hamcrest.generator.source,1.1.0=v20090501071000,:pserver:anonymous@dev.eclipse.org:/cvsroot/tools,,org.eclipse.orbit/org.hamcrest.generator/source-bundle

plugin@org.hamcrest.library,1.1.0=v20090501071000,:pserver:anonymous@dev.eclipse.org:/cvsroot/tools,,org.eclipse.orbit/org.hamcrest.library
plugin@org.hamcrest.library.source,1.1.0=v20090501071000,:pserver:anonymous@dev.eclipse.org:/cvsroot/tools,,org.eclipse.orbit/org.hamcrest.library/source-bundle

plugin@org.hamcrest.text,1.1.0=v20090501071000,:pserver:anonymous@dev.eclipse.org:/cvsroot/tools,,org.eclipse.orbit/org.hamcrest.text
plugin@org.hamcrest.text.source,1.1.0=v20090501071000,:pserver:anonymous@dev.eclipse.org:/cvsroot/tools,,org.eclipse.orbit/org.hamcrest.text/source-bundle

plugin@org.hamcrest.integration,1.1.0=v20090501071000,:pserver:anonymous@dev.eclipse.org:/cvsroot/tools,,org.eclipse.orbit/org.hamcrest.integration
plugin@org.hamcrest.integration.source,1.1.0=v20090501071000,:pserver:anonymous@dev.eclipse.org:/cvsroot/tools,,org.eclipse.orbit/org.hamcrest.integration/source-bundle

plugin@org.slf4j.api,1.5.6=v200903200722,:pserver:anonymous@dev.eclipse.org:/cvsroot/tools,,org.eclipse.orbit/org.slf4j.api
plugin@org.slf4j.api.source,1.5.6=v200903200722,:pserver:anonymous@dev.eclipse.org:/cvsroot/tools,,org.eclipse.orbit/org.slf4j.api/source-bundle

plugin@org.opensaml,1.1.0=v200905041411,:pserver:anonymous@dev.eclipse.org:/cvsroot/tools,,org.eclipse.orbit/org.opensaml
plugin@com.sun.xml.bind,2.1.9=v200905260854,:pserver:anonymous@dev.eclipse.org:/cvsroot/tools,,org.eclipse.orbit/com.sun.xml.bind
plugin@org.aopalliance,1.0.0=v200905130917,:pserver:anonymous@dev.eclipse.org:/cvsroot/tools,,org.eclipse.orbit/org.aopalliance
plugin@org.apache.neethi,2.0.4=v200905041411,:pserver:anonymous@dev.eclipse.org:/cvsroot/tools,,org.eclipse.orbit/org.apache.neethi
plugin@org.apache.velocity,1.5.0=v200905192330,:pserver:anonymous@dev.eclipse.org:/cvsroot/tools,,org.eclipse.orbit/org.apache.velocity
plugin@org.apache.ws.commons.schema,1.4.2=v200905291151,:pserver:anonymous@dev.eclipse.org:/cvsroot/tools,,org.eclipse.orbit/org.apache.ws.commons.schema
plugin@org.apache.xml.security,1.4.2=v200905041411,:pserver:anonymous@dev.eclipse.org:/cvsroot/tools,,org.eclipse.orbit/org.apache.xml.security

plugin@javax.persistence,1.0.0=v200905011740,:pserver:anonymous@dev.eclipse.org:/cvsroot/tools,,org.eclipse.orbit/javax.persistence
plugin@javax.persistence.source,1.0.0=v200905011740,:pserver:anonymous@dev.eclipse.org:/cvsroot/tools,,org.eclipse.orbit/javax.persistence/source-bundle

plugin@commonj.sdo,2.1.1=v200905221342,:pserver:anonymous@dev.eclipse.org:/cvsroot/tools,,org.eclipse.orbit/commonj.sdo
plugin@commonj.sdo.source,2.1.1=v200905221342,:pserver:anonymous@dev.eclipse.org:/cvsroot/tools,,org.eclipse.orbit/commonj.sdo/source-bundle

plugin@org.dojotoolkit,1.1.0=v200908251430,:pserver:anonymous@dev.eclipse.org:/cvsroot/tools,,org.eclipse.orbit/org.dojotoolkit

plugin@com.lowagie.text,1.5.4=CVS,tag=v200908052355,cvsRoot=:pserver:anonymous@dev.eclipse.org:/cvsroot/tools,path=org.eclipse.orbit/com.lowagie.text
plugin@com.lowagie.text.source,1.5.4=CVS,tag=v200908052355,cvsRoot=:pserver:anonymous@dev.eclipse.org:/cvsroot/tools,path=org.eclipse.orbit/com.lowagie.text/source-bundle


!*************** End other bundles

!*************** feature to simply control build ... it itself is not for distribution

feature@org.eclipse.orbit.build.feature.set1=v20090824-0900,:pserver:anonymous@dev.eclipse.org:/cvsroot/tools,,org.eclipse.orbit/org.eclipse.orbit.build.feature.set1

!***************
